[rainbowit.net/html/doob/index-business-consulting.html]
[backblue.gif]
[fade.gif]
[index.html]
[rainbowit.net/html/doob/assets/images/favicon.png]
[rainbowit.net/html/doob/assets/css/plugins/animation.css]
[rainbowit.net/html/doob/assets/css/vendor/bootstrap.min.css]
[rainbowit.net/html/doob/assets/css/plugins/magnify.min.css]
[rainbowit.net/html/doob/assets/css/plugins/feature.css]
[rainbowit.net/html/doob/assets/css/plugins/slick.css]
[rainbowit.net/html/doob/assets/css/plugins/slick-theme.css]
[rainbowit.net/html/doob/assets/css/plugins/lightbox.css]
[rainbowit.net/html/doob/index.html]
[rainbowit.net/html/doob/assets/images/logo/logo.png]
[rainbowit.net/html/doob/assets/images/logo/logo-dark.png]
[rainbowit.net/html/doob/assets/css/style.css]
[rainbowit.net/html/doob/index-business-consulting-2.html]
[rainbowit.net/html/doob/index-magazine.html]
[rainbowit.net/html/doob/index-corporate.html]
[rainbowit.net/html/doob/index-business.html]
[rainbowit.net/html/doob/index-digital-agency.html]
[rainbowit.net/html/doob/index-finance.html]
[rainbowit.net/html/doob/index-marketing-agency.html]
[rainbowit.net/html/doob/index-company.html]
[rainbowit.net/html/doob/index-travel-agency.html]
[rainbowit.net/html/doob/index-consulting.html]
[rainbowit.net/html/doob/index-personal-portfolio.html]
[rainbowit.net/html/doob/index-seo-agency.html]
[rainbowit.net/html/doob/index-event-conference.html]
[rainbowit.net/html/doob/index-creative-portfolio.html]
[rainbowit.net/html/doob/index-freelancer.html]
[rainbowit.net/html/doob/index-international-consulting.html]
[rainbowit.net/html/doob/index-startup.html]
[rainbowit.net/html/doob/index-web-agency.html]
[rainbowit.net/html/doob/index-corporate-one-page.html]
[rainbowit.net/html/doob/about.html]
[rainbowit.net/html/doob/button.html]
[rainbowit.net/html/doob/service.html]
[rainbowit.net/html/doob/progressbar.html]
[rainbowit.net/html/doob/counter.html]
[rainbowit.net/html/doob/accordion.html]
[rainbowit.net/html/doob/social-share.html]
[rainbowit.net/html/doob/blog-grid.html]
[rainbowit.net/html/doob/team.html]
[rainbowit.net/html/doob/portfolio.html]
[rainbowit.net/html/doob/timeline.html]
[rainbowit.net/html/doob/testimonial.html]
[rainbowit.net/html/doob/tab.html]
[rainbowit.net/html/doob/pricing.html]
[rainbowit.net/html/doob/split.html]
[rainbowit.net/html/doob/call-to-action.html]
[rainbowit.net/html/doob/video.html]
[rainbowit.net/html/doob/gallery.html]
[rainbowit.net/html/doob/contact.html]
[rainbowit.net/html/doob/brand.html]
[rainbowit.net/html/doob/advance-tab.html]
[rainbowit.net/html/doob/error.html]
[rainbowit.net/html/doob/brand-carouse.html]
[rainbowit.net/html/doob/advance-pricing.html]
[rainbowit.net/html/doob/portfolio-details.html]
[rainbowit.net/html/doob/blog-details.html]
[rainbowit.net/html/doob/privacy-policy.html]
[rainbowit.net/html/doob/blog-grid-sidebar.html]
[rainbowit.net/html/doob/blog-list-view.html]
[rainbowit.net/html/doob/portfolio-full-width.html]
[rainbowit.net/html/doob/portfolio-three-column.html]
[rainbowit.net/html/doob/blog-list-sidebar.html]
[rainbowit.net/html/doob/portfolio-box-layout.html]
[rainbowit.net/html/doob/assets/images/icons/sun-01.svg]
[rainbowit.net/html/doob/assets/images/icons/vector.svg]
[rainbowit.net/html/doob/assets/images/portfolio/portfolio-01.jpg]
[rainbowit.net/html/doob/assets/images/portfolio/portfolio-02.jpg]
[rainbowit.net/html/doob/assets/images/portfolio/portfolio-03.jpg]
[rainbowit.net/html/doob/assets/images/portfolio/portfolio-04.jpg]
[rainbowit.net/html/doob/assets/images/portfolio/portfolio-05.jpg]
[rainbowit.net/html/doob/assets/images/portfolio/portfolio-06.jpg]
[rainbowit.net/html/doob/assets/images/timeline/timeline-01.jpg]
[rainbowit.net/html/doob/assets/images/timeline/timeline-02.jpg]
[rainbowit.net/html/doob/assets/images/testimonial/testimonial-dark-01.jpg]
[rainbowit.net/html/doob/assets/images/testimonial/testimonial-dark-02.jpg]
[rainbowit.net/html/doob/assets/images/testimonial/testimonial-dark-03.jpg]
[rainbowit.net/html/doob/assets/images/blog-grid/blog-01.jpg]
[rainbowit.net/html/doob/assets/images/blog-grid/blog-02.jpg]
[rainbowit.net/html/doob/assets/images/blog-grid/blog-03.jpg]
[rainbowit.net/html/doob/assets/js/vendor/modernizr.min.js]
[rainbowit.net/html/doob/assets/js/vendor/jquery.min.js]
[rainbowit.net/html/doob/assets/js/vendor/bootstrap.min.js]
[rainbowit.net/html/doob/assets/js/vendor/waypoint.min.js]
[rainbowit.net/html/doob/assets/js/vendor/popper.min.js]
[rainbowit.net/html/doob/assets/js/vendor/wow.min.js]
[rainbowit.net/html/doob/assets/js/vendor/counterup.min.js]
[rainbowit.net/html/doob/assets/js/vendor/sal.min.js]
[rainbowit.net/html/doob/assets/js/vendor/masonry.js]
[rainbowit.net/html/doob/assets/js/vendor/imageloaded.js]
[rainbowit.net/html/doob/assets/js/vendor/feather.min.js]
[rainbowit.net/html/doob/assets/js/vendor/magnify.min.js]
[rainbowit.net/html/doob/assets/js/vendor/slick.min.js]
[rainbowit.net/html/doob/assets/js/vendor/lightbox.js]
[rainbowit.net/html/doob/assets/js/vendor/easypie.js]
[rainbowit.net/html/doob/assets/js/vendor/text-type.js]
[rainbowit.net/html/doob/assets/js/vendor/jquery.style.swicher.js]
[rainbowit.net/html/doob/assets/js/vendor/js.cookie.js]
[rainbowit.net/html/doob/assets/js/vendor/jquery-one-page-nav.js]
[rainbowit.net/html/doob/index-business-consulting.html]
[rainbowit.net/html/doob/assets/css/vendor/bootstrap.min.css]
[rainbowit.net/html/doob/assets/js/main.js]
[rainbowit.net/html/doob/assets/css/plugins/animation.css]
[rainbowit.net/html/doob/assets/fonts/Feather144f.woff]
[rainbowit.net/html/doob/assets/css/plugins/feature.css]
[rainbowit.net/html/doob/assets/css/plugins/magnify.min.css]
[rainbowit.net/html/doob/assets/css/plugins/slick.css]
[rainbowit.net/html/doob/assets/images/ajax-loader.gif]
[rainbowit.net/html/doob/assets/fonts/slick.eot]
[rainbowit.net/html/doob/assets/fonts/slickd41d.eot]
[rainbowit.net/html/doob/assets/fonts/Feather144f.svg]
[rainbowit.net/html/doob/assets/fonts/slick.woff]
[rainbowit.net/html/doob/assets/fonts/slick.ttf]
[rainbowit.net/html/doob/assets/fonts/Feather144f.ttf]
[rainbowit.net/html/doob/assets/fonts/slick.svg]
[rainbowit.net/html/doob/assets/css/plugins/slick-theme.css]
[rainbowit.net/html/doob/assets/images/icons/lgd641.eot]
[rainbowit.net/html/doob/assets/images/icons/lgd41d.eot]
[rainbowit.net/html/doob/assets/images/icons/lgd641.woff]
[rainbowit.net/html/doob/assets/images/icons/lgd641.ttf]
[rainbowit.net/html/doob/assets/css/fonts/lgd641.svg]
[rainbowit.net/html/doob/assets/images/icons/vimeo-play.png]
[rainbowit.net/html/doob/assets/images/icons/video-play.png]
[rainbowit.net/html/doob/assets/images/icons/youtube-play.png]
[rainbowit.net/html/doob/assets/images/icons/loading.gif]
[rainbowit.net/html/doob/assets/css/plugins/lightbox.css]
[rainbowit.net/html/doob/assets/images/bg/bg-image-1.jpg]
[rainbowit.net/html/doob/assets/images/bg/bg-image-2.jpg]
[rainbowit.net/html/doob/assets/images/bg/bg-image-3.jpg]
[rainbowit.net/html/doob/assets/images/bg/bg-image-4.jpg]
[rainbowit.net/html/doob/assets/images/bg/bg-image-5.jpg]
[rainbowit.net/html/doob/assets/images/bg/bg-image-6.jpg]
[rainbowit.net/html/doob/assets/images/bg/bg-image-7.jpg]
[rainbowit.net/html/doob/assets/images/bg/bg-image-8.jpg]
[rainbowit.net/html/doob/assets/images/bg/bg-image-9.jpg]
[rainbowit.net/html/doob/assets/images/bg/bg-image-10.jpg]
[rainbowit.net/html/doob/assets/images/bg/bg-image-11.jpg]
[rainbowit.net/html/doob/assets/images/bg/bg-image-12.jpg]
[rainbowit.net/html/doob/assets/images/bg/bg-image-13.jpg]
[rainbowit.net/html/doob/assets/images/bg/bg-image-14.jpg]
[rainbowit.net/html/doob/assets/images/bg/bg-image-15.jpg]
[rainbowit.net/html/doob/assets/images/bg/bg-image-16.jpg]
[rainbowit.net/html/doob/assets/images/bg/bg-image-17.jpg]
[rainbowit.net/html/doob/assets/images/bg/bg-image-18.jpg]
[rainbowit.net/html/doob/assets/images/bg/bg-image-19.jpg]
[rainbowit.net/html/doob/assets/images/bg/bg-image-20.jpg]
[rainbowit.net/html/doob/assets/images/bg/bg-image-21.jpg]
[rainbowit.net/html/doob/assets/images/bg/bg-image-22.jpg]
[rainbowit.net/html/doob/assets/images/bg/bg-image-23.jpg]
[rainbowit.net/html/doob/assets/images/bg/bg-image-24.jpg]
[rainbowit.net/html/doob/assets/images/bg/bg-image-25.jpg]
[rainbowit.net/html/doob/assets/images/bg/bg-image-26.jpg]
[rainbowit.net/html/doob/assets/images/bg/bg-image-27.jpg]
[rainbowit.net/html/doob/assets/images/bg/bg-image-28.jpg]
[rainbowit.net/html/doob/assets/images/bg/bg-image-29.jpg]
[rainbowit.net/html/doob/assets/images/bg/bg-image-30.jpg]
[rainbowit.net/html/doob/assets/images/header-top/top-banner.png]
[rainbowit.net/html/doob/assets/images/slick-arrow-left-small.png]
[rainbowit.net/html/doob/assets/images/slick-arrow-right-small.png]
[rainbowit.net/html/doob/assets/images/call-to-action/bg-image-1.jpg]
[rainbowit.net/html/doob/assets/images/call-to-action/bg-image-2.jpg]
[rainbowit.net/html/doob/assets/images/slider-bg/bg-image-3.jpg]
[rainbowit.net/html/doob/assets/images/bg-video/bg-image-4.jpg]
[rainbowit.net/html/doob/assets/images/slider-bg/bg-image-4.jpg]
[rainbowit.net/html/doob/assets/images/slider-bg/bg-image-5.jpg]
[rainbowit.net/html/doob/assets/images/slider-bg/bg-image-6.jpg]
[rainbowit.net/html/doob/assets/images/slider-bg/bg-image-13.jpg]
[rainbowit.net/html/doob/assets/images/slider-bg/bg-image-14.jpg]
[rainbowit.net/html/doob/assets/images/slider-bg/bg-image-15.jpg]
[rainbowit.net/html/doob/assets/images/slider-bg/bg-image-16.jpg]
[rainbowit.net/html/doob/assets/css/style.css]
[rainbowit.net/html/doob/assets/images/demo/react-badge.png]
[rainbowit.net/html/doob/assets/images/demo/business-consulting.png]
[rainbowit.net/html/doob/assets/images/demo/business-consulting-light.png]
[rainbowit.net/html/doob/assets/images/demo/corporate-one-page.png]
[rainbowit.net/html/doob/assets/images/demo/corporate-one-page-light.png]
[rainbowit.net/html/doob/assets/images/demo/home-magazine.png]
[rainbowit.net/html/doob/assets/images/demo/home-magazine-light.png]
[rainbowit.net/html/doob/assets/images/demo/business-consulting-2.png]
[rainbowit.net/html/doob/assets/images/demo/business-consulting-2-light.png]
[rainbowit.net/html/doob/assets/images/demo/corporate.png]
[rainbowit.net/html/doob/assets/images/demo/corporate-light.png]
[rainbowit.net/html/doob/assets/images/demo/startup.png]
[rainbowit.net/html/doob/assets/images/demo/startup-light.png]
[rainbowit.net/html/doob/assets/images/demo/web-agency.png]
[rainbowit.net/html/doob/assets/images/demo/web-agency-light.png]
[rainbowit.net/html/doob/assets/images/demo/international-consulting.png]
[rainbowit.net/html/doob/assets/images/demo/international-consulting-light.png]
[rainbowit.net/html/doob/assets/images/demo/consulting.png]
[rainbowit.net/html/doob/assets/images/demo/consulting-light.png]
[rainbowit.net/html/doob/assets/images/demo/finance.png]
[rainbowit.net/html/doob/assets/images/demo/finance-light.png]
[rainbowit.net/html/doob/assets/images/demo/digital-agency.png]
[rainbowit.net/html/doob/assets/images/demo/digital-agency-light.png]
[rainbowit.net/html/doob/assets/images/demo/seo-agency.png]
[rainbowit.net/html/doob/assets/images/demo/seo-agency-light.png]
[rainbowit.net/html/doob/assets/images/demo/company.png]
[rainbowit.net/html/doob/assets/images/demo/company-light.png]
[rainbowit.net/html/doob/assets/images/demo/personal-portfolio.png]
[rainbowit.net/html/doob/assets/images/demo/personal-portfolio-light.png]
[rainbowit.net/html/doob/assets/images/demo/freelancer.png]
[rainbowit.net/html/doob/assets/images/demo/freelancer-light.png]
[rainbowit.net/html/doob/assets/images/demo/marketing.png]
[rainbowit.net/html/doob/assets/images/demo/marketing-light.png]
[rainbowit.net/html/doob/assets/images/demo/travel-agency.png]
[rainbowit.net/html/doob/assets/images/demo/travel-agency-light.png]
[rainbowit.net/html/doob/assets/images/demo/business.png]
[rainbowit.net/html/doob/assets/images/demo/business-light.png]
[rainbowit.net/html/doob/assets/images/demo/event-conference.png]
[rainbowit.net/html/doob/assets/images/demo/event-conference-light.png]
[rainbowit.net/html/doob/assets/images/demo/creative-portfolio.png]
[rainbowit.net/html/doob/assets/images/demo/creative-portfolio-light.png]
[rainbowit.net/html/doob/assets/images/demo/about-us.png]
[rainbowit.net/html/doob/assets/images/demo/about-us-light.png]
[rainbowit.net/html/doob/assets/images/demo/coming-soon.png]
[rainbowit.net/html/doob/assets/images/demo/blog-grid.png]
[rainbowit.net/html/doob/assets/images/demo/blog-grid-light.png]
[rainbowit.net/html/doob/assets/images/demo/blog-grid-sidebar.png]
[rainbowit.net/html/doob/assets/images/demo/blog-grid-sidebar-light.png]
[rainbowit.net/html/doob/assets/images/demo/blog-list-view.png]
[rainbowit.net/html/doob/assets/images/demo/blog-list-view-light.png]
[rainbowit.net/html/doob/assets/images/demo/blog-list-sidebar.png]
[rainbowit.net/html/doob/assets/images/demo/blog-list-sidebar-light.png]
[rainbowit.net/html/doob/assets/images/demo/blog-details.png]
[rainbowit.net/html/doob/assets/images/demo/blog-details-light.png]
[rainbowit.net/html/doob/assets/images/demo/portfolio.png]
[rainbowit.net/html/doob/assets/images/demo/portfolio-light.png]
[rainbowit.net/html/doob/assets/images/demo/portfolio-three-column.png]
[rainbowit.net/html/doob/assets/images/demo/portfolio-three-column-light.png]
[rainbowit.net/html/doob/assets/images/demo/portfolio-full-width.png]
[rainbowit.net/html/doob/assets/images/demo/portfolio-full-width-light.png]
[rainbowit.net/html/doob/assets/images/demo/portfolio-grid-layout.png]
[rainbowit.net/html/doob/assets/images/demo/portfolio-grid-layout-light.png]
[rainbowit.net/html/doob/assets/images/demo/portfolio-box-layout.png]
[rainbowit.net/html/doob/assets/images/demo/portfolio-box-layout-light.png]
[rainbowit.net/html/doob/assets/images/demo/portfolio-details.png]
[rainbowit.net/html/doob/assets/images/demo/portfolio-details-light.png]
[rainbowit.net/html/doob/assets/images/demo/service.png]
[rainbowit.net/html/doob/assets/images/demo/service-light.png]
[rainbowit.net/html/doob/assets/images/demo/team.png]
[rainbowit.net/html/doob/assets/images/demo/team-light.png]
[rainbowit.net/html/doob/assets/images/demo/pricing.png]
[rainbowit.net/html/doob/assets/images/demo/pricing-light.png]
[rainbowit.net/html/doob/assets/images/demo/testimonial.png]
[rainbowit.net/html/doob/assets/images/demo/testimonial-light.png]
[rainbowit.net/html/doob/assets/images/demo/progressbar.png]
[rainbowit.net/html/doob/assets/images/demo/progressbar-light.png]
[rainbowit.net/html/doob/assets/images/demo/tab.png]
[rainbowit.net/html/doob/assets/images/demo/tab-light.png]
[rainbowit.net/html/doob/assets/images/demo/timeline.png]
[rainbowit.net/html/doob/assets/images/demo/timeline-light.png]
[rainbowit.net/html/doob/assets/images/demo/button.png]
[rainbowit.net/html/doob/assets/images/demo/button-light.png]
[rainbowit.net/html/doob/assets/images/demo/counter.png]
[rainbowit.net/html/doob/assets/images/demo/counter-light.png]
[rainbowit.net/html/doob/assets/images/demo/social-share.png]
[rainbowit.net/html/doob/assets/images/demo/social-share-light.png]
[rainbowit.net/html/doob/assets/images/demo/advance-tab.png]
[rainbowit.net/html/doob/assets/images/demo/advance-tab-light.png]
[rainbowit.net/html/doob/assets/images/demo/call-to-action.png]
[rainbowit.net/html/doob/assets/images/demo/call-to-action-light.png]
[rainbowit.net/html/doob/assets/images/demo/error.png]
[rainbowit.net/html/doob/assets/images/demo/error-light.png]
[rainbowit.net/html/doob/assets/images/demo/video-popup.png]
[rainbowit.net/html/doob/assets/images/demo/video-popup-light.png]
[rainbowit.net/html/doob/assets/images/demo/contact.png]
[rainbowit.net/html/doob/assets/images/demo/contact-light.png]
[rainbowit.net/html/doob/index.html]
[rainbowit.net/html/doob/business-consulting-2.html]
[rainbowit.net/html/doob/assets/images/about/about-1.png]
[rainbowit.net/html/doob/assets/images/services/galery-image-01.png]
[rainbowit.net/html/doob/assets/images/services/galery-image-02.png]
[rainbowit.net/html/doob/assets/images/services/galery-image-03.png]
[rainbowit.net/html/doob/assets/images/team/team-01.jpg]
[rainbowit.net/html/doob/assets/images/team/team-02.jpg]
[rainbowit.net/html/doob/assets/images/team/team-03.jpg]
[rainbowit.net/html/doob/assets/images/blog/blog-01.jpg]
[rainbowit.net/html/doob/assets/images/blog/blog-02.jpg]
[rainbowit.net/html/doob/assets/images/blog/blog-03.jpg]
[rainbowit.net/html/doob/index-business-consulting-2.html]
[rainbowit.net/html/doob/assets/images/blog/blog-md-01.jpg]
[rainbowit.net/html/doob/assets/images/blog/blog-md-02.jpg]
[rainbowit.net/html/doob/assets/images/blog/blog-md-03.jpg]
[rainbowit.net/html/doob/assets/images/blog/blog-md-04.jpg]
[rainbowit.net/html/doob/assets/images/blog-grid/blog-04.jpg]
[rainbowit.net/html/doob/assets/images/blog/blog-04.jpg]
[rainbowit.net/html/doob/assets/images/blog/blog-05.jpg]
[rainbowit.net/html/doob/category/development.html]
[rainbowit.net/html/doob/category/company.html]
[rainbowit.net/html/doob/category/marketing.html]
[rainbowit.net/html/doob/category/ux-design.html]
[rainbowit.net/html/doob/category/business.html]
[rainbowit.net/html/doob/category/app-development.html]
[rainbowit.net/html/doob/index-magazine.html]
[rainbowit.net/html/doob/assets/images/services/serviice-01.jpg]
[rainbowit.net/html/doob/assets/images/services/serviice-02.jpg]
[rainbowit.net/html/doob/assets/images/services/serviice-03.jpg]
[rainbowit.net/html/doob/assets/images/services/serviice-04.jpg]
[rainbowit.net/html/doob/assets/images/team/team-dark-01.jpg]
[rainbowit.net/html/doob/assets/images/team/team-dark-02.jpg]
[rainbowit.net/html/doob/assets/images/team/team-dark-03.jpg]
[rainbowit.net/html/doob/index-corporate.html]
[rainbowit.net/html/doob/assets/images/about/about-2.png]
[rainbowit.net/html/doob/assets/images/tab/tabs-01.jpg]
[rainbowit.net/html/doob/index-business.html]
[rainbowit.net/html/doob/assets/images/testimonial/testimonial-01.jpg]
[rainbowit.net/html/doob/assets/images/testimonial/testimonial-02.jpg]
[rainbowit.net/html/doob/assets/images/testimonial/testimonial-03.jpg]
[rainbowit.net/html/doob/index-digital-agency.html]
[rainbowit.net/html/doob/assets/images/split/split-03.jpg]
[rainbowit.net/html/doob/index-finance.html]
[rainbowit.net/html/doob/company.html]
[rainbowit.net/html/doob/assets/images/about/about-3.png]
[rainbowit.net/html/doob/assets/images/split/split-01.jpg]
[rainbowit.net/html/doob/assets/images/team/team-dark-04.jpg]
[rainbowit.net/html/doob/assets/images/brand/brand-01.png]
[rainbowit.net/html/doob/assets/images/brand/brand-02.png]
[rainbowit.net/html/doob/assets/images/brand/brand-03.png]
[rainbowit.net/html/doob/assets/images/brand/brand-04.png]
[rainbowit.net/html/doob/assets/images/brand/brand-05.png]
[rainbowit.net/html/doob/assets/images/brand/brand-06.png]
[rainbowit.net/html/doob/assets/images/brand/brand-07.png]
[rainbowit.net/html/doob/assets/images/brand/brand-08.png]
[rainbowit.net/html/doob/index-company.html]
[rainbowit.net/html/doob/assets/images/bg/bg-image-16.png]
[rainbowit.net/html/doob/assets/images/advance-tab/tabs-04.jpg]
[rainbowit.net/html/doob/assets/images/advance-tab/tabs-02.jpg]
[rainbowit.net/html/doob/assets/images/advance-tab/tabs-03.jpg]
[rainbowit.net/html/doob/index-marketing-agency.html]
[rainbowit.net/html/doob/assets/images/about/contact-image.jpg]
[rainbowit.net/html/doob/index-travel-agency.html]
[rainbowit.net/html/doob/index-consulting.html]
[rainbowit.net/html/doob/assets/images/banner/banenr-image-02.png]
[rainbowit.net/html/doob/assets/images/banner/white-shape.svg]
[rainbowit.net/html/doob/index-seo-agency.html]
[rainbowit.net/html/doob/personal-portfolio.html]
[rainbowit.net/html/doob/assets/images/about/about-5.png]
[rainbowit.net/html/doob/index-personal-portfolio.html]
[rainbowit.net/html/doob/assets/images/about/about-6.png]
[rainbowit.net/html/doob/assets/images/services/icon-01.png]
[rainbowit.net/html/doob/assets/images/services/icon-02.png]
[rainbowit.net/html/doob/assets/images/services/icon-03.png]
[rainbowit.net/html/doob/assets/images/team/team-04.jpg]
[rainbowit.net/html/doob/assets/images/team/team-05.jpg]
[rainbowit.net/html/doob/assets/images/team/team-06.jpg]
[rainbowit.net/html/doob/assets/images/team/team-07.jpg]
[rainbowit.net/html/doob/index-event-conference.html]
[rainbowit.net/html/doob/index-creative-portfolio.html]
[rainbowit.net/html/doob/assets/images/about/about-logo.png]
[rainbowit.net/html/doob/index-freelancer.html]
[rainbowit.net/html/doob/service-details.html]
[rainbowit.net/html/doob/index-international-consulting.html]
[rainbowit.net/html/doob/index-startup.html]
[rainbowit.net/html/doob/index-web-agency.html]
[rainbowit.net/html/doob/index-corporate-one-page.html]
[rainbowit.net/html/doob/about.html]
[rainbowit.net/html/doob/button.html]
[rainbowit.net/html/doob/service.html]
[rainbowit.net/html/doob/counter.html]
[rainbowit.net/html/doob/progressbar.html]
[rainbowit.net/html/doob/accordion.html]
[rainbowit.net/html/doob/social-share.html]
[rainbowit.net/html/doob/blog-grid.html]
[rainbowit.net/html/doob/team.html]
[rainbowit.net/html/doob/portfolio.html]
[rainbowit.net/html/doob/testimonial.html]
[rainbowit.net/html/doob/timeline.html]
[rainbowit.net/html/doob/assets/images/tab/tabs-02.jpg]
[rainbowit.net/html/doob/tab.html]
[rainbowit.net/html/doob/pricing.html]
[rainbowit.net/html/doob/assets/images/split/split-02.jpg]
[rainbowit.net/html/doob/split.html]
[rainbowit.net/html/doob/call-to-action.html]
[rainbowit.net/html/doob/video.html]
[rainbowit.net/html/doob/gallery.html]
[rainbowit.net/html/doob/contact.html]
[rainbowit.net/html/doob/brand.html]
[rainbowit.net/html/doob/error.html]
[rainbowit.net/html/doob/advance-tab.html]
[rainbowit.net/html/doob/brand-carouse.html]
[rainbowit.net/html/doob/advance-pricing.html]
[rainbowit.net/html/doob/portfolio-details.html]
[rainbowit.net/html/doob/blog-details.html]
[rainbowit.net/html/doob/privacy-policy.html]
[rainbowit.net/html/doob/assets/images/blog/blog-06.jpg]
[rainbowit.net/html/doob/category/application.html]
[rainbowit.net/html/doob/category/art.html]
[rainbowit.net/html/doob/blog-grid-sidebar.html]
[rainbowit.net/html/doob/blog-list-view.html]
[rainbowit.net/html/doob/blog-list-sidebar.html]
[rainbowit.net/html/doob/portfolio-three-column.html]
[rainbowit.net/html/doob/portfolio-full-width.html]
[rainbowit.net/html/doob/portfolio-box-layout.html]
[rainbowit.net/html/doob/assets/images/icons/sun-01.svg]
[rainbowit.net/html/doob/assets/images/icons/vector.svg]
[rainbowit.net/html/doob/assets/fonts/Feather144f.svg]
[rainbowit.net/html/doob/assets/fonts/slick.svg]
[rainbowit.net/html/doob/assets/css/fonts/lgd641.html]
[rainbowit.net/html/doob/assets/images/icons/vimeo-play.html]
[rainbowit.net/html/doob/assets/images/icons/video-play.html]
[rainbowit.net/html/doob/assets/images/icons/youtube-play.html]
[rainbowit.net/html/doob/assets/images/bg/bg-image-16.html]
[rainbowit.net/html/doob/assets/images/bg/bg-image-25.html]
[rainbowit.net/html/doob/assets/images/bg/bg-image-26.html]
[rainbowit.net/html/doob/assets/images/bg/bg-image-27.html]
[rainbowit.net/html/doob/assets/images/bg/bg-image-28.html]
[rainbowit.net/html/doob/assets/images/bg/bg-image-29.html]
[rainbowit.net/html/doob/assets/images/bg/bg-image-30.html]
[rainbowit.net/html/doob/assets/images/slider-bg/bg-image-3.html]
[rainbowit.net/html/doob/assets/images/slider-bg/bg-image-4.html]
[rainbowit.net/html/doob/assets/images/slider-bg/bg-image-5.html]
[rainbowit.net/html/doob/assets/images/slider-bg/bg-image-6.html]
[rainbowit.net/html/doob/assets/images/slider-bg/bg-image-13.html]
[rainbowit.net/html/doob/assets/images/slider-bg/bg-image-14.html]
[rainbowit.net/html/doob/assets/images/slider-bg/bg-image-15.html]
[rainbowit.net/html/doob/assets/images/slider-bg/bg-image-16.html]
[rainbowit.net/html/doob/business-consulting-2.html]
[rainbowit.net/html/doob/category/development.html]
[rainbowit.net/html/doob/category/company.html]
[rainbowit.net/html/doob/category/marketing.html]
[rainbowit.net/html/doob/category/ux-design.html]
[rainbowit.net/html/doob/category/business.html]
[rainbowit.net/html/doob/category/app-development.html]
[rainbowit.net/html/doob/company.html]
[rainbowit.net/html/doob/assets/images/banner/white-shape.svg]
[rainbowit.net/html/doob/personal-portfolio.html]
[rainbowit.net/html/doob/portfolio-grid-layout.html]
[rainbowit.net/html/doob/service-details.html]
[rainbowit.net/html/doob/category/application.html]
[rainbowit.net/html/doob/category/art.html]
[rainbowit.net/html/doob/portfolio-grid-layout.html]
